\BOOKMARK [0][-]{chapter*.2}{\376\377\000A\000b\000s\000t\000r\000a\000c\000t}{}% 1
\BOOKMARK [0][-]{chapter.1}{\376\377\000I\000n\000t\000r\000o\000d\000u\000c\000t\000i\000o\000n}{}% 2
\BOOKMARK [1][-]{section.1.1}{\376\377\000M\000o\000t\000i\000v\000a\000t\000i\000o\000n}{chapter.1}% 3
\BOOKMARK [1][-]{section.1.2}{\376\377\000P\000r\000o\000b\000l\000e\000m\000\040\000S\000t\000a\000t\000e\000m\000e\000n\000t}{chapter.1}% 4
\BOOKMARK [1][-]{section.1.3}{\376\377\000C\000o\000n\000t\000r\000i\000b\000u\000t\000i\000o\000n\000s}{chapter.1}% 5
\BOOKMARK [1][-]{section.1.4}{\376\377\000V\000i\000r\000t\000u\000a\000l\000\040\000M\000a\000c\000h\000i\000n\000e\000\040\000F\000u\000n\000d\000a\000m\000e\000n\000t\000a\000l\000s}{chapter.1}% 6
\BOOKMARK [1][-]{section.1.5}{\376\377\000T\000e\000s\000t\000b\000e\000d\000\040\000V\000i\000r\000t\000u\000a\000l\000\040\000N\000e\000t\000w\000o\000r\000k}{chapter.1}% 7
\BOOKMARK [1][-]{section.1.6}{\376\377\000B\000i\000n\000d\0009}{chapter.1}% 8
\BOOKMARK [1][-]{section.1.7}{\376\377\000R\000o\000a\000d\000m\000a\000p}{chapter.1}% 9
\BOOKMARK [0][-]{chapter.2}{\376\377\000I\000n\000t\000r\000o\000d\000u\000c\000t\000i\000o\000n\000\040\000t\000o\000\040\000t\000h\000e\000\040\000D\000o\000m\000a\000i\000n\000\040\000N\000a\000m\000i\000n\000g\000\040\000S\000y\000s\000t\000e\000m}{}% 10
\BOOKMARK [1][-]{section.2.1}{\376\377\000D\000N\000S\000\040\000B\000a\000c\000k\000g\000r\000o\000u\000n\000d}{chapter.2}% 11
\BOOKMARK [2][-]{subsection.2.1.1}{\376\377\000D\000N\000S\000\040\000R\000e\000s\000o\000u\000r\000c\000e\000\040\000R\000e\000c\000o\000r\000d\000s}{section.2.1}% 12
\BOOKMARK [1][-]{section.2.2}{\376\377\000T\000h\000e\000\040\000T\000e\000s\000t\000b\000e\000d\000\040\000D\000N\000S\000\040\000E\000n\000v\000i\000r\000o\000n\000m\000e\000n\000t}{chapter.2}% 13
\BOOKMARK [2][-]{subsection.2.2.1}{\376\377\000T\000e\000s\000t\000b\000e\000d\000\040\000E\000n\000v\000i\000r\000o\000n\000m\000e\000n\000t\000\040\000Z\000o\000n\000e\000s}{section.2.2}% 14
\BOOKMARK [1][-]{section.2.3}{\376\377\000D\000N\000S\000\040\000V\000u\000l\000n\000e\000r\000a\000b\000i\000l\000i\000t\000i\000e\000s}{chapter.2}% 15
\BOOKMARK [2][-]{subsection.2.3.1}{\376\377\000D\000N\000S\000\040\000S\000p\000o\000o\000f\000i\000n\000g\000/\000C\000a\000c\000h\000e\000\040\000P\000o\000i\000s\000o\000n\000i\000n\000g}{section.2.3}% 16
\BOOKMARK [2][-]{subsection.2.3.2}{\376\377\000D\000N\000S\000\040\000H\000i\000j\000a\000c\000k\000i\000n\000g}{section.2.3}% 17
\BOOKMARK [1][-]{section.2.4}{\376\377\000S\000i\000m\000u\000l\000a\000t\000e\000d\000\040\000D\000N\000S\000\040\000A\000t\000t\000a\000c\000k\000s\000\040\000I\000n\000\040\000T\000h\000e\000\040\000T\000e\000s\000t\000b\000e\000d\000\040\000E\000n\000v\000i\000r\000o\000n\000m\000e\000n\000t}{chapter.2}% 18
\BOOKMARK [0][-]{chapter.3}{\376\377\000I\000n\000t\000r\000o\000d\000u\000c\000t\000i\000o\000n\000\040\000t\000o\000\040\000D\000N\000S\000\040\000S\000e\000c\000u\000r\000i\000t\000y\000\040\000E\000x\000t\000e\000n\000s\000i\000o\000n}{}% 19
\BOOKMARK [1][-]{section.3.1}{\376\377\000D\000N\000S\000S\000E\000C\000\040\000B\000a\000c\000k\000g\000r\000o\000u\000n\000d}{chapter.3}% 20
\BOOKMARK [2][-]{subsection.3.1.1}{\376\377\000I\000n\000t\000e\000g\000r\000i\000t\000y\000\040\000v\000s\000\040\000A\000u\000t\000h\000e\000n\000t\000i\000c\000i\000t\000y}{section.3.1}% 21
\BOOKMARK [1][-]{section.3.2}{\376\377\000N\000e\000w\000\040\000D\000N\000S\000\040\000R\000e\000s\000o\000u\000r\000c\000e\000\040\000R\000e\000c\000o\000r\000d\000s}{chapter.3}% 22
\BOOKMARK [2][-]{subsection.3.2.1}{\376\377\000R\000e\000s\000o\000u\000r\000c\000e\000\040\000R\000e\000c\000o\000r\000d\000\040\000S\000e\000t}{section.3.2}% 23
\BOOKMARK [2][-]{subsection.3.2.2}{\376\377\000S\000i\000g\000n\000a\000t\000u\000r\000e\000\040\000R\000e\000s\000o\000u\000r\000c\000e\000\040\000R\000e\000c\000o\000r\000d}{section.3.2}% 24
\BOOKMARK [2][-]{subsection.3.2.3}{\376\377\000D\000N\000S\000K\000E\000Y\000s\000\040\000I\000n\000\040\000G\000e\000n\000e\000r\000a\000l}{section.3.2}% 25
\BOOKMARK [2][-]{subsection.3.2.4}{\376\377\000T\000h\000e\000\040\000D\000e\000l\000e\000g\000a\000t\000i\000o\000n\000\040\000S\000i\000g\000n\000e\000r}{section.3.2}% 26
\BOOKMARK [2][-]{subsection.3.2.5}{\376\377\000T\000h\000e\000\040\000N\000e\000x\000t\000\040\000S\000e\000c\000u\000r\000e\000\040\000R\000e\000s\000o\000u\000r\000c\000e\000\040\000R\000e\000c\000o\000r\000d}{section.3.2}% 27
\BOOKMARK [1][-]{section.3.3}{\376\377\000T\000h\000e\000\040\000C\000h\000a\000i\000n\000\040\000O\000f\000\040\000T\000r\000u\000s\000t}{chapter.3}% 28
\BOOKMARK [1][-]{section.3.4}{\376\377\000K\000e\000y\000\040\000R\000o\000l\000l\000o\000v\000e\000r\000s}{chapter.3}% 29
\BOOKMARK [1][-]{section.3.5}{\376\377\000D\000N\000S\000S\000E\000C\000\040\000O\000p\000t\000i\000o\000n\000s}{chapter.3}% 30
\BOOKMARK [2][-]{subsection.3.5.1}{\376\377\000D\000N\000S\000S\000E\000C\000\040\000P\000o\000l\000i\000c\000y}{section.3.5}% 31
\BOOKMARK [2][-]{subsection.3.5.2}{\376\377\000S\000i\000g\000n\000i\000n\000g}{section.3.5}% 32
\BOOKMARK [1][-]{section.3.6}{\376\377\000D\000N\000S\000S\000E\000C\000\040\000I\000n\000\040\000T\000h\000e\000\040\000T\000e\000s\000t\000b\000e\000d\000\040\000E\000n\000v\000i\000r\000o\000n\000m\000e\000n\000t}{chapter.3}% 33
\BOOKMARK [1][-]{section.3.7}{\376\377\000S\000i\000m\000u\000l\000a\000t\000e\000d\000\040\000A\000t\000t\000a\000c\000k\000s\000\040\000w\000i\000t\000h\000\040\000D\000N\000S\000S\000E\000C\000\040\000E\000n\000a\000b\000l\000e\000d}{chapter.3}% 34
\BOOKMARK [2][-]{subsection.3.7.1}{\376\377\000C\000o\000r\000r\000u\000p\000t\000i\000n\000g\000\040\000t\000h\000e\000\040\000D\000N\000S\000\040\000D\000a\000t\000a}{section.3.7}% 35
\BOOKMARK [0][-]{chapter.4}{\376\377\000A\000l\000g\000o\000r\000i\000t\000h\000m\000s\000\040\000a\000n\000d\000\040\000D\000a\000t\000a\000\040\000S\000t\000r\000u\000c\000t\000u\000r\000e\000s\000\040\000F\000o\000r\000\040\000D\000N\000S\000S\000E\000C}{}% 36
\BOOKMARK [1][-]{section.4.1}{\376\377\000A\000n\000\040\000I\000n\000t\000r\000o\000d\000u\000c\000t\000i\000o\000n\000\040\000t\000o\000\040\000D\000N\000S\000S\000E\000C\000\040\000S\000i\000g\000n\000i\000n\000g}{chapter.4}% 37
\BOOKMARK [1][-]{section.4.2}{\376\377\000C\000i\000p\000h\000e\000r\000\040\000S\000u\000i\000t\000e\000s}{chapter.4}% 38
\BOOKMARK [2][-]{subsection.4.2.1}{\376\377\000H\000a\000s\000h\000i\000n\000g\000\040\000w\000i\000t\000h\000\040\000S\000H\000A\0002\0005\0006}{section.4.2}% 39
\BOOKMARK [2][-]{subsection.4.2.2}{\376\377\000A\000l\000t\000e\000r\000n\000a\000t\000e\000\040\000H\000a\000s\000h\000i\000n\000g\000\040\000A\000l\000g\000o\000r\000i\000t\000h\000m\000s}{section.4.2}% 40
\BOOKMARK [2][-]{subsection.4.2.3}{\376\377\000S\000i\000g\000n\000i\000n\000g\000\040\000w\000i\000t\000h\000\040\000R\000S\000A}{section.4.2}% 41
\BOOKMARK [2][-]{subsection.4.2.4}{\376\377\000A\000l\000t\000e\000r\000n\000a\000t\000e\000\040\000S\000i\000g\000n\000i\000n\000g\000\040\000A\000l\000g\000o\000r\000i\000t\000h\000m\000s}{section.4.2}% 42
\BOOKMARK [1][-]{section.4.3}{\376\377\000R\000R\000S\000I\000G\000\040\000C\000o\000n\000s\000t\000r\000u\000c\000t\000i\000o\000n}{chapter.4}% 43
\BOOKMARK [2][-]{subsection.4.3.1}{\376\377\000I\000m\000p\000o\000r\000t\000a\000n\000c\000e\000\040\000O\000f\000\040\000C\000a\000n\000o\000n\000i\000c\000a\000l\000i\000z\000a\000t\000i\000o\000n}{section.4.3}% 44
\BOOKMARK [1][-]{section.4.4}{\376\377\000O\000p\000e\000n\000S\000S\000L}{chapter.4}% 45
\BOOKMARK [1][-]{section.4.5}{\376\377\000P\000e\000r\000f\000o\000r\000m\000a\000n\000c\000e\000\040\000C\000o\000n\000s\000i\000d\000e\000r\000a\000t\000i\000o\000n\000s}{chapter.4}% 46
\BOOKMARK [0][-]{chapter.5}{\376\377\000P\000r\000o\000g\000r\000a\000m\000m\000i\000n\000g\000\040\000t\000h\000e\000\040\000S\000i\000g\000n\000a\000t\000u\000r\000e\000\040\000a\000n\000d\000\040\000V\000a\000l\000i\000d\000a\000t\000i\000o\000n\000\040\000o\000f\000\040\000S\000e\000v\000e\000r\000a\000l\000\040\000D\000N\000S\000S\000E\000C\000\040\000R\000e\000s\000o\000u\000r\000c\000e\000\040\000R\000e\000c\000o\000r\000d\000s}{}% 47
\BOOKMARK [1][-]{section.5.1}{\376\377\000M\000a\000i\000n\000\040\000F\000u\000n\000c\000t\000i\000o\000n\000a\000l\000i\000t\000y}{chapter.5}% 48
\BOOKMARK [1][-]{section.5.2}{\376\377\000C\000o\000n\000v\000e\000r\000t\000i\000n\000g\000\040\000B\000a\000s\000e\0006\0004\000\040\000D\000a\000t\000a}{chapter.5}% 49
\BOOKMARK [1][-]{section.5.3}{\376\377\000A\000l\000t\000e\000r\000n\000a\000t\000i\000v\000e\000\040\000K\000e\000y\000\040\000E\000n\000c\000o\000d\000i\000n\000g}{chapter.5}% 50
\BOOKMARK [1][-]{section.5.4}{\376\377\000H\000a\000s\000h\000i\000n\000g\000\040\000t\000h\000e\000\040\000D\000a\000t\000a}{chapter.5}% 51
\BOOKMARK [1][-]{section.5.5}{\376\377\000S\000i\000g\000n\000i\000n\000g\000\040\000t\000h\000e\000\040\000D\000a\000t\000a}{chapter.5}% 52
\BOOKMARK [1][-]{section.5.6}{\376\377\000V\000e\000r\000i\000f\000y\000i\000n\000g\000\040\000t\000h\000e\000\040\000S\000i\000g\000n\000a\000t\000u\000r\000e}{chapter.5}% 53
\BOOKMARK [1][-]{section.5.7}{\376\377\000T\000a\000r\000\040\000F\000i\000l\000e\000\040\000A\000n\000d\000\040\000C\000o\000n\000t\000e\000n\000t\000s}{chapter.5}% 54
\BOOKMARK [2][-]{subsection.5.7.1}{\376\377\000D\000i\000r\000e\000c\000t\000o\000r\000y\000\040\000S\000e\000t\000u\000p}{section.5.7}% 55
\BOOKMARK [2][-]{subsection.5.7.2}{\376\377\000M\000a\000k\000e\000f\000i\000l\000e\000\040\000S\000c\000r\000i\000p\000t}{section.5.7}% 56
\BOOKMARK [1][-]{section.5.8}{\376\377\000W\000i\000r\000e\000\040\000F\000o\000r\000m\000a\000t\000\040\000C\000o\000n\000s\000t\000r\000u\000c\000t\000i\000o\000n}{chapter.5}% 57
\BOOKMARK [2][-]{subsection.5.8.1}{\376\377\000O\000v\000e\000r\000v\000i\000e\000w}{section.5.8}% 58
\BOOKMARK [2][-]{subsection.5.8.2}{\376\377\000A\000p\000p\000r\000o\000a\000c\000h}{section.5.8}% 59
\BOOKMARK [2][-]{subsection.5.8.3}{\376\377\000C\000o\000m\000m\000o\000n\000a\000l\000i\000t\000i\000e\000s\000\040\000A\000n\000d\000\040\000E\000x\000c\000e\000p\000t\000i\000o\000n\000s}{section.5.8}% 60
\BOOKMARK [1][-]{section.5.9}{\376\377\000G\000e\000n\000e\000r\000a\000t\000i\000n\000g\000\040\000a\000n\000d\000\040\000V\000a\000l\000i\000d\000a\000t\000i\000n\000g\000\040\000a\000n\000\040\000A\000d\000d\000r\000e\000s\000s\000\040\000R\000e\000s\000o\000u\000r\000c\000e\000\040\000R\000e\000c\000o\000r\000d\000\040\000S\000i\000g\000n\000a\000t\000u\000r\000e}{chapter.5}% 61
\BOOKMARK [1][-]{section.5.10}{\376\377\000G\000e\000n\000e\000r\000a\000t\000i\000n\000g\000\040\000a\000n\000d\000\040\000V\000a\000l\000i\000d\000a\000t\000i\000n\000g\000\040\000a\000\040\000N\000a\000m\000e\000\040\000S\000e\000r\000v\000e\000r\000\040\000R\000e\000s\000o\000u\000r\000c\000e\000\040\000R\000e\000c\000o\000r\000d\000\040\000S\000i\000g\000n\000a\000t\000u\000r\000e}{chapter.5}% 62
\BOOKMARK [1][-]{section.5.11}{\376\377\000G\000e\000n\000e\000r\000a\000t\000i\000n\000g\000\040\000a\000n\000d\000\040\000V\000a\000l\000i\000d\000a\000t\000i\000n\000g\000\040\000a\000\040\000D\000N\000S\000K\000E\000Y\000\040\000R\000e\000s\000o\000u\000r\000c\000e\000\040\000R\000e\000c\000o\000r\000d\000\040\000S\000i\000g\000n\000a\000t\000u\000r\000e}{chapter.5}% 63
\BOOKMARK [1][-]{section.5.12}{\376\377\000G\000e\000n\000e\000r\000a\000t\000i\000n\000g\000\040\000a\000n\000d\000\040\000V\000a\000l\000i\000d\000a\000t\000i\000n\000g\000\040\000a\000\040\000S\000t\000a\000r\000t\000\040\000o\000f\000\040\000A\000u\000t\000h\000o\000r\000i\000t\000y\000\040\000R\000e\000s\000o\000u\000r\000c\000e\000\040\000R\000e\000c\000o\000r\000d\000\040\000S\000i\000g\000n\000a\000t\000u\000r\000e}{chapter.5}% 64
\BOOKMARK [0][-]{appendix.A}{\376\377\000A\000p\000p\000e\000n\000d\000i\000x}{}% 65
\BOOKMARK [1][-]{section.A.1}{\376\377\000P\000r\000o\000c\000e\000d\000u\000r\000e\000\040\000M\000a\000n\000u\000a\000l}{appendix.A}% 66
